// Jest Snapshot v1, https://goo.gl/fbAQLP

exports[`input type ENROLLMENT, WITH_REGISTRATION, custom labels 1`] = `<div />`;

exports[`input type ENROLLMENT, WITH_REGISTRATION, custom labels, hide incident date 1`] = `<div />`;

exports[`input type ENROLLMENT, WITHOUT_REGISTRATION 1`] = `<div />`;

exports[`input type EVENT and program metadata missing 1`] = `<div />`;

exports[`input type EVENT, WITH_REGISTRATION 1`] = `<div />`;

exports[`input type EVENT, WITH_REGISTRATION, custom labels 1`] = `<div />`;

exports[`input type EVENT, WITH_REGISTRATION, custom labels, hide due date 1`] = `<div />`;

exports[`input type EVENT, WITH_REGISTRATION, custom labels, hide incident date 1`] = `<div />`;

exports[`input type EVENT, WITHOUT_REGISTRATION no custom labels 1`] = `<div />`;

exports[`input type EVENT, WITHOUT_REGISTRATION with custom labels 1`] = `<div />`;

exports[`stage missing 1`] = `<div />`;
